[    0.000000] Initializing cgroup subsys cpuset
[    0.000000] Initializing cgroup subsys cpu
[    0.000000] Initializing cgroup subsys cpuacct
[    0.000000] Linux version 3.11.8-300.fc20.x86_64 (mockbuild@bkernel02) (gcc version 4.8.2 20131017 (Red Hat 4.8.2-1) (GCC) ) #1 SMP Wed Nov 13 16:34:27 UTC 2013
[    0.000000] Command line: BOOT_IMAGE=/boot/vmlinuz-3.11.8-300.fc20.x86_64 root=UUID=4fddbf80-47e1-4829-af4f-f622dd1a8ada ro vconsole.font=latarcyrheb-sun16 vconsole.keymap=br-abnt2 rhgb quiet LANG=pt_BR.UTF-8
[    0.000000] Disabled fast string operations
[    0.000000] e820: BIOS-provided physical RAM map:
[    0.000000] BIOS-e820: [mem 0x0000000000000000-0x000000000009d7ff] usable
[    0.000000] BIOS-e820: [mem 0x000000000009d800-0x000000000009ffff] reserved
[    0.000000] BIOS-e820: [mem 0x00000000000e0000-0x00000000000fffff] reserved
[    0.000000] BIOS-e820: [mem 0x0000000000100000-0x000000009abeefff] usable
[    0.000000] BIOS-e820: [mem 0x000000009abef000-0x000000009aeeefff] reserved
[    0.000000] BIOS-e820: [mem 0x000000009aeef000-0x000000009af9efff] ACPI NVS
[    0.000000] BIOS-e820: [mem 0x000000009af9f000-0x000000009affefff] ACPI data
[    0.000000] BIOS-e820: [mem 0x000000009afff000-0x000000009affffff] usable
[    0.000000] BIOS-e820: [mem 0x000000009b000000-0x000000009f9fffff] reserved
[    0.000000] BIOS-e820: [mem 0x00000000f8000000-0x00000000fbffffff] reserved
[    0.000000] BIOS-e820: [mem 0x00000000fec00000-0x00000000fec00fff] reserved
[    0.000000] BIOS-e820: [mem 0x00000000fed08000-0x00000000fed08fff] reserved
[    0.000000] BIOS-e820: [mem 0x00000000fed10000-0x00000000fed19fff] reserved
[    0.000000] BIOS-e820: [mem 0x00000000fed1c000-0x00000000fed1ffff] reserved
[    0.000000] BIOS-e820: [mem 0x00000000fee00000-0x00000000fee00fff] reserved
[    0.000000] BIOS-e820: [mem 0x00000000ffd80000-0x00000000ffffffff] reserved
[    0.000000] BIOS-e820: [mem 0x0000000100000000-0x00000001dfdfffff] usable
[    0.000000] NX (Execute Disable) protection: active
[    0.000000] SMBIOS 2.6 present.
[    0.000000] DMI: SAMSUNG ELECTRONICS CO., LTD. 700Z3A/700Z4A/700Z5A/700Z5B/700Z3A/700Z4A/700Z5A/700Z5B, BIOS 15FD 11/06/2012
[    0.000000] e820: update [mem 0x00000000-0x00000fff] usable ==> reserved
[    0.000000] e820: remove [mem 0x000a0000-0x000fffff] usable
[    0.000000] No AGP bridge found
[    0.000000] e820: last_pfn = 0x1dfe00 max_arch_pfn = 0x400000000
[    0.000000] MTRR default type: uncachable
[    0.000000] MTRR fixed ranges enabled:
[    0.000000]   00000-9FFFF write-back
[    0.000000]   A0000-BFFFF uncachable
[    0.000000]   C0000-FFFFF write-protect
[    0.000000] MTRR variable ranges enabled:
[    0.000000]   0 base 0FFC00000 mask FFFC00000 write-protect
[    0.000000]   1 base 000000000 mask F80000000 write-back
[    0.000000]   2 base 080000000 mask FE0000000 write-back
[    0.000000]   3 base 09C000000 mask FFC000000 uncachable
[    0.000000]   4 base 09B000000 mask FFF000000 uncachable
[    0.000000]   5 base 100000000 mask F80000000 write-back
[    0.000000]   6 base 180000000 mask FC0000000 write-back
[    0.000000]   7 base 1C0000000 mask FE0000000 write-back
[    0.000000]   8 base 1DFE00000 mask FFFE00000 uncachable
[    0.000000]   9 disabled
[    0.000000] x86 PAT enabled: cpu 0, old 0x7040600070406, new 0x7010600070106
[    0.000000] e820: last_pfn = 0x9b000 max_arch_pfn = 0x400000000
[    0.000000] Base memory trampoline at [ffff880000097000] 97000 size 24576
[    0.000000] reserving inaccessible SNB gfx pages
[    0.000000] init_memory_mapping: [mem 0x00000000-0x000fffff]
[    0.000000]  [mem 0x00000000-0x000fffff] page 4k
[    0.000000] BRK [0x01fe5000, 0x01fe5fff] PGTABLE
[    0.000000] BRK [0x01fe6000, 0x01fe6fff] PGTABLE
[    0.000000] BRK [0x01fe7000, 0x01fe7fff] PGTABLE
[    0.000000] init_memory_mapping: [mem 0x1dfc00000-0x1dfdfffff]
[    0.000000]  [mem 0x1dfc00000-0x1dfdfffff] page 2M
[    0.000000] BRK [0x01fe8000, 0x01fe8fff] PGTABLE
[    0.000000] init_memory_mapping: [mem 0x1dc000000-0x1dfbfffff]
[    0.000000]  [mem 0x1dc000000-0x1dfbfffff] page 2M
[    0.000000] init_memory_mapping: [mem 0x180000000-0x1dbffffff]
[    0.000000]  [mem 0x180000000-0x1dbffffff] page 2M
[    0.000000] BRK [0x01fe9000, 0x01fe9fff] PGTABLE
[    0.000000] init_memory_mapping: [mem 0x00100000-0x9abeefff]
[    0.000000]  [mem 0x00100000-0x001fffff] page 4k
[    0.000000]  [mem 0x00200000-0x9a9fffff] page 2M
[    0.000000]  [mem 0x9aa00000-0x9abeefff] page 4k
[    0.000000] init_memory_mapping: [mem 0x9afff000-0x9affffff]
[    0.000000]  [mem 0x9afff000-0x9affffff] page 4k
[    0.000000] BRK [0x01fea000, 0x01feafff] PGTABLE
[    0.000000] init_memory_mapping: [mem 0x100000000-0x17fffffff]
[    0.000000]  [mem 0x100000000-0x17fffffff] page 2M
[    0.000000] RAMDISK: [mem 0x36d4a000-0x3769cfff]
[    0.000000] ACPI: RSDP 00000000000f00e0 00024 (v02 SECCSD)
[    0.000000] ACPI: XSDT 000000009affe170 00094 (v01 SECCSD LH43STAR 00000002 PTEC 00000002)
[    0.000000] ACPI: FACP 000000009afef000 0010C (v05 SECCSD LH43STAR 00000002 PTL  00000002)
[    0.000000] ACPI: DSDT 000000009aff2000 0844D (v02 SECCSD  SNB-CPT 00000000 INTL 20061109)
[    0.000000] ACPI: FACS 000000009af3d000 00040
[    0.000000] ACPI: SLIC 000000009affd000 00176 (v01 SECCSD LH43STAR 00000002 PTEC 00000001)
[    0.000000] ACPI: SSDT 000000009affb000 01068 (v01 SECCSD PtidDevc 00001000 INTL 20061109)
[    0.000000] ACPI: ASF! 000000009aff1000 000A5 (v32 SECCSD LH43STAR 00000002 PTL  00000002)
[    0.000000] ACPI: HPET 000000009afee000 00038 (v01 SECCSD LH43STAR 00000002 PTL  00000002)
[    0.000000] ACPI: APIC 000000009afed000 00098 (v03 SECCSD LH43STAR 00000002 PTL  00000002)
[    0.000000] ACPI: MCFG 000000009afec000 0003C (v01 SECCSD LH43STAR 00000002 PTL  00000002)
[    0.000000] ACPI: SSDT 000000009afeb000 007C2 (v01  PmRef  Cpu0Ist 00003000 INTL 20061109)
[    0.000000] ACPI: SSDT 000000009afea000 00996 (v01  PmRef    CpuPm 00003000 INTL 20061109)
[    0.000000] ACPI: UEFI 000000009afe9000 0003E (v01 SECCSD LH43STAR 00000002 PTL  00000002)
[    0.000000] ACPI: UEFI 000000009afe8000 00042 (v01 PTL      COMBUF 00000001 PTL  00000001)
[    0.000000] ACPI: SSDT 000000009afe7000 00A15 (v01 AmdRef  AmdTabl 00001000 INTL 20061109)
[    0.000000] ACPI: SSDT 000000009afe6000 00D97 (v01  SgRef   SgTabl 00001000 INTL 20061109)
[    0.000000] ACPI: UEFI 000000009afe5000 00256 (v01 SECCSD LH43STAR 00000002 PTL  00000002)
[    0.000000] ACPI: Local APIC address 0xfee00000
[    0.000000] No NUMA configuration found
[    0.000000] Faking a node at [mem 0x0000000000000000-0x00000001dfdfffff]
[    0.000000] Initmem setup node 0 [mem 0x00000000-0x1dfdfffff]
[    0.000000]   NODE_DATA [mem 0x1dfde7000-0x1dfdfafff]
[    0.000000]  [ffffea0000000000-ffffea00077fffff] PMD -> [ffff8801d9400000-ffff8801df3fffff] on node 0
[    0.000000] Zone ranges:
[    0.000000]   DMA      [mem 0x00001000-0x00ffffff]
[    0.000000]   DMA32    [mem 0x01000000-0xffffffff]
[    0.000000]   Normal   [mem 0x100000000-0x1dfdfffff]
[    0.000000] Movable zone start for each node
[    0.000000] Early memory node ranges
[    0.000000]   node   0: [mem 0x00001000-0x0009cfff]
[    0.000000]   node   0: [mem 0x00100000-0x9abeefff]
[    0.000000]   node   0: [mem 0x9afff000-0x9affffff]
[    0.000000]   node   0: [mem 0x100000000-0x1dfdfffff]
[    0.000000] On node 0 totalpages: 1550732
[    0.000000]   DMA zone: 64 pages used for memmap
[    0.000000]   DMA zone: 156 pages reserved
[    0.000000]   DMA zone: 3996 pages, LIFO batch:0
[    0.000000]   DMA32 zone: 9840 pages used for memmap
[    0.000000]   DMA32 zone: 629744 pages, LIFO batch:31
[    0.000000]   Normal zone: 14328 pages used for memmap
[    0.000000]   Normal zone: 916992 pages, LIFO batch:31
[    0.000000] ACPI: PM-Timer IO Port: 0x408
[    0.000000] ACPI: Local APIC address 0xfee00000
[    0.000000] ACPI: LAPIC (acpi_id[0x01] lapic_id[0x00] enabled)
[    0.000000] ACPI: LAPIC (acpi_id[0x02] lapic_id[0x01] enabled)
[    0.000000] ACPI: LAPIC (acpi_id[0x03] lapic_id[0x02] enabled)
[    0.000000] ACPI: LAPIC (acpi_id[0x04] lapic_id[0x03] enabled)
[    0.000000] ACPI: LAPIC (acpi_id[0x05] lapic_id[0x00] disabled)
[    0.000000] ACPI: LAPIC (acpi_id[0x06] lapic_id[0x00] disabled)
[    0.000000] ACPI: LAPIC (acpi_id[0x07] lapic_id[0x00] disabled)
[    0.000000] ACPI: LAPIC (acpi_id[0x08] lapic_id[0x00] disabled)
[    0.000000] ACPI: LAPIC_NMI (acpi_id[0x00] high edge lint[0x1])
[    0.000000] ACPI: LAPIC_NMI (acpi_id[0x01] high edge lint[0x1])
[    0.000000] ACPI: IOAPIC (id[0x02] address[0xfec00000] gsi_base[0])
[    0.000000] IOAPIC[0]: apic_id 2, version 32, address 0xfec00000, GSI 0-23
[    0.000000] ACPI: INT_SRC_OVR (bus 0 bus_irq 0 global_irq 2 dfl dfl)
[    0.000000] ACPI: INT_SRC_OVR (bus 0 bus_irq 9 global_irq 9 high level)
[    0.000000] ACPI: IRQ0 used by override.
[    0.000000] ACPI: IRQ2 used by override.
[    0.000000] ACPI: IRQ9 used by override.
[    0.000000] Using ACPI (MADT) for SMP configuration information
[    0.000000] ACPI: HPET id: 0x8086a301 base: 0xfed00000
[    0.000000] smpboot: Allowing 8 CPUs, 4 hotplug CPUs
[    0.000000] nr_irqs_gsi: 40
[    0.000000] PM: Registered nosave memory: [mem 0x0009d000-0x0009dfff]
[    0.000000] PM: Registered nosave memory: [mem 0x0009e000-0x0009ffff]
[    0.000000] PM: Registered nosave memory: [mem 0x000a0000-0x000dffff]
[    0.000000] PM: Registered nosave memory: [mem 0x000e0000-0x000fffff]
[    0.000000] PM: Registered nosave memory: [mem 0x9abef000-0x9aeeefff]
[    0.000000] PM: Registered nosave memory: [mem 0x9aeef000-0x9af9efff]
[    0.000000] PM: Registered nosave memory: [mem 0x9af9f000-0x9affefff]
[    0.000000] PM: Registered nosave memory: [mem 0x9b000000-0x9f9fffff]
[    0.000000] PM: Registered nosave memory: [mem 0x9fa00000-0xf7ffffff]
[    0.000000] PM: Registered nosave memory: [mem 0xf8000000-0xfbffffff]
[    0.000000] PM: Registered nosave memory: [mem 0xfc000000-0xfebfffff]
[    0.000000] PM: Registered nosave memory: [mem 0xfec00000-0xfec00fff]
[    0.000000] PM: Registered nosave memory: [mem 0xfec01000-0xfed07fff]
[    0.000000] PM: Registered nosave memory: [mem 0xfed08000-0xfed08fff]
[    0.000000] PM: Registered nosave memory: [mem 0xfed09000-0xfed0ffff]
[    0.000000] PM: Registered nosave memory: [mem 0xfed10000-0xfed19fff]
[    0.000000] PM: Registered nosave memory: [mem 0xfed1a000-0xfed1bfff]
[    0.000000] PM: Registered nosave memory: [mem 0xfed1c000-0xfed1ffff]
[    0.000000] PM: Registered nosave memory: [mem 0xfed20000-0xfedfffff]
[    0.000000] PM: Registered nosave memory: [mem 0xfee00000-0xfee00fff]
[    0.000000] PM: Registered nosave memory: [mem 0xfee01000-0xffd7ffff]
[    0.000000] PM: Registered nosave memory: [mem 0xffd80000-0xffffffff]
[    0.000000] e820: [mem 0x9fa00000-0xf7ffffff] available for PCI devices
[    0.000000] Booting paravirtualized kernel on bare hardware
[    0.000000] setup_percpu: NR_CPUS:128 nr_cpumask_bits:128 nr_cpu_ids:8 nr_node_ids:1
[    0.000000] PERCPU: Embedded 28 pages/cpu @ffff8801dfa00000 s85568 r8192 d20928 u262144
[    0.000000] pcpu-alloc: s85568 r8192 d20928 u262144 alloc=1*2097152
[    0.000000] pcpu-alloc: [0] 0 1 2 3 4 5 6 7 
[    0.000000] Built 1 zonelists in Zone order, mobility grouping on.  Total pages: 1526344
[    0.000000] Policy zone: Normal
[    0.000000] Kernel command line: BOOT_IMAGE=/boot/vmlinuz-3.11.8-300.fc20.x86_64 root=UUID=4fddbf80-47e1-4829-af4f-f622dd1a8ada ro vconsole.font=latarcyrheb-sun16 vconsole.keymap=br-abnt2 rhgb quiet LANG=pt_BR.UTF-8
[    0.000000] PID hash table entries: 4096 (order: 3, 32768 bytes)
[    0.000000] xsave: enabled xstate_bv 0x7, cntxt size 0x340
[    0.000000] Checking aperture...
[    0.000000] No AGP bridge found
[    0.000000] Memory: 6010928K/6202928K available (6491K kernel code, 990K rwdata, 2864K rodata, 1420K init, 1540K bss, 192000K reserved)
[    0.000000] SLUB: HWalign=64, Order=0-3, MinObjects=0, CPUs=8, Nodes=1
[    0.000000] Hierarchical RCU implementation.
[    0.000000] 	RCU restricting CPUs from NR_CPUS=128 to nr_cpu_ids=8.
[    0.000000] NR_IRQS:8448 nr_irqs:744 16
[    0.000000] Console: colour VGA+ 80x25
[    0.000000] console [tty0] enabled
[    0.000000] allocated 25165824 bytes of page_cgroup
[    0.000000] please try 'cgroup_disable=memory' option if you don't want memory cgroups
[    0.000000] hpet clockevent registered
[    0.000000] tsc: Fast TSC calibration using PIT
[    0.001000] tsc: Detected 2494.483 MHz processor
[    0.000002] Calibrating delay loop (skipped), value calculated using timer frequency.. 4988.96 BogoMIPS (lpj=2494483)
[    0.000005] pid_max: default: 32768 minimum: 301
[    0.000032] Security Framework initialized
[    0.000038] SELinux:  Initializing.
[    0.000046] SELinux:  Starting in permissive mode
[    0.000665] Dentry cache hash table entries: 1048576 (order: 11, 8388608 bytes)
[    0.002319] Inode-cache hash table entries: 524288 (order: 10, 4194304 bytes)
[    0.003014] Mount-cache hash table entries: 256
[    0.003183] Initializing cgroup subsys memory
[    0.003191] Initializing cgroup subsys devices
[    0.003192] Initializing cgroup subsys freezer
[    0.003194] Initializing cgroup subsys net_cls
[    0.003195] Initializing cgroup subsys blkio
[    0.003196] Initializing cgroup subsys perf_event
[    0.003216] Disabled fast string operations
[    0.003218] CPU: Physical Processor ID: 0
[    0.003219] CPU: Processor Core ID: 0
[    0.003223] ENERGY_PERF_BIAS: Set to 'normal', was 'performance'
ENERGY_PERF_BIAS: View and update with x86_energy_perf_policy(8)
[    0.003225] mce: CPU supports 7 MCE banks
[    0.003236] CPU0: Thermal monitoring enabled (TM1)
[    0.003245] Last level iTLB entries: 4KB 512, 2MB 0, 4MB 0
Last level dTLB entries: 4KB 512, 2MB 32, 4MB 32
tlb_flushall_shift: 5
[    0.003323] Freeing SMP alternatives memory: 24K (ffffffff81e5c000 - ffffffff81e62000)
[    0.004333] ACPI: Core revision 20130517
[    0.009220] ACPI: All ACPI Tables successfully acquired
[    0.026243] ftrace: allocating 25112 entries in 99 pages
[    0.038120] ..TIMER: vector=0x30 apic1=0 pin1=2 apic2=-1 pin2=-1
[    0.048136] smpboot: CPU0: Intel(R) Core(TM) i5-2450M CPU @ 2.50GHz (fam: 06, model: 2a, stepping: 07)
[    0.048144] TSC deadline timer enabled
[    0.048154] Performance Events: PEBS fmt1+, 16-deep LBR, SandyBridge events, full-width counters, Intel PMU driver.
[    0.048161] ... version:                3
[    0.048162] ... bit width:              48
[    0.048163] ... generic registers:      4
[    0.048163] ... value mask:             0000ffffffffffff
[    0.048164] ... max period:             0000ffffffffffff
[    0.048165] ... fixed-purpose events:   3
[    0.048166] ... event mask:             000000070000000f
[    0.060303] Disabled fast string operations
[    0.062502] NMI watchdog: enabled on all CPUs, permanently consumes one hw-PMU counter.
[    0.073613] Disabled fast string operations
[    0.086934] Disabled fast string operations
[    0.049266] smpboot: Booting Node   0, Processors  #1 #2 #3
[    0.089057] Brought up 4 CPUs
[    0.089060] smpboot: Total of 4 processors activated (19955.86 BogoMIPS)
[    0.092226] devtmpfs: initialized
[    0.092393] PM: Registering ACPI NVS region [mem 0x9aeef000-0x9af9efff] (720896 bytes)
[    0.093085] atomic64 test passed for x86-64 platform with CX8 and with SSE
[    0.093107] RTC time: 20:17:40, date: 11/21/13
[    0.093142] NET: Registered protocol family 16
[    0.093265] ACPI: bus type PCI registered
[    0.093267] acpiphp: ACPI Hot Plug PCI Controller Driver version: 0.5
[    0.093318] PCI: MMCONFIG for domain 0000 [bus 00-3f] at [mem 0xf8000000-0xfbffffff] (base 0xf8000000)
[    0.093320] PCI: MMCONFIG at [mem 0xf8000000-0xfbffffff] reserved in E820
[    0.097686] PCI: Using configuration type 1 for base access
[    0.098376] bio: create slab <bio-0> at 0
[    0.098470] ACPI: Added _OSI(Module Device)
[    0.098472] ACPI: Added _OSI(Processor Device)
[    0.098473] ACPI: Added _OSI(3.0 _SCP Extensions)
[    0.098474] ACPI: Added _OSI(Processor Aggregator Device)
[    0.099643] ACPI: EC: Look up EC in DSDT
[    0.100786] ACPI: Executed 1 blocks of module-level executable AML code
[    0.115174] [Firmware Bug]: ACPI: BIOS _OSI(Linux) query ignored
[    0.118992] ACPI: SSDT 000000009aee0718 00670 (v01  PmRef  Cpu0Cst 00003001 INTL 20061109)
[    0.119299] ACPI: Dynamic OEM Table Load:
[    0.119301] ACPI: SSDT           (null) 00670 (v01  PmRef  Cpu0Cst 00003001 INTL 20061109)
[    0.123394] ACPI: SSDT 000000009aee1a98 00303 (v01  PmRef    ApIst 00003000 INTL 20061109)
[    0.123716] ACPI: Dynamic OEM Table Load:
[    0.123717] ACPI: SSDT           (null) 00303 (v01  PmRef    ApIst 00003000 INTL 20061109)
[    0.126295] ACPI: SSDT 000000009aedfd98 00119 (v01  PmRef    ApCst 00003000 INTL 20061109)
[    0.126589] ACPI: Dynamic OEM Table Load:
[    0.126590] ACPI: SSDT           (null) 00119 (v01  PmRef    ApCst 00003000 INTL 20061109)
[    0.132505] ACPI: Interpreter enabled
[    0.132515] ACPI Exception: AE_NOT_FOUND, While evaluating Sleep State [\_S2_] (20130517/hwxface-571)
[    0.132527] ACPI: (supports S0 S1 S3 S4 S5)
[    0.132528] ACPI: Using IOAPIC for interrupt routing
[    0.132548] PCI: Using host bridge windows from ACPI; if necessary, use "pci=nocrs" and report a bug
[    0.132646] ACPI: No dock devices found.
[    0.143362] ACPI: Power Resource [FN00] (off)
[    0.143430] ACPI: Power Resource [FN01] (off)
[    0.143495] ACPI: Power Resource [FN02] (off)
[    0.143559] ACPI: Power Resource [FN03] (off)
[    0.143623] ACPI: Power Resource [FN04] (off)
[    0.144158] ACPI: PCI Root Bridge [PCI0] (domain 0000 [bus 00-3e])
[    0.144309] \_SB_.PCI0:_OSC invalid UUID
[    0.144310] _OSC request data:1 8 0 
[    0.144388] \_SB_.PCI0:_OSC invalid UUID
[    0.144389] _OSC request data:1 1f 0 
[    0.144393] acpi PNP0A08:00: ACPI _OSC support notification failed, disabling PCIe ASPM
[    0.144394] acpi PNP0A08:00: Unable to request _OSC control (_OSC support mask: 0x08)
[    0.144927] PCI host bridge to bus 0000:00
[    0.144929] pci_bus 0000:00: root bus resource [bus 00-3e]
[    0.144931] pci_bus 0000:00: root bus resource [io  0x0000-0x0cf7]
[    0.144933] pci_bus 0000:00: root bus resource [io  0x0d00-0xffff]
[    0.144934] pci_bus 0000:00: root bus resource [mem 0x000a0000-0x000bffff]
[    0.144936] pci_bus 0000:00: root bus resource [mem 0x9fa00000-0xfeafffff]
[    0.144937] pci_bus 0000:00: root bus resource [mem 0xfed40000-0xfed44fff]
[    0.144945] pci 0000:00:00.0: [8086:0104] type 00 class 0x060000
[    0.145019] pci 0000:00:01.0: [8086:0101] type 01 class 0x060400
[    0.145048] pci 0000:00:01.0: PME# supported from D0 D3hot D3cold
[    0.145082] pci 0000:00:01.0: System wakeup disabled by ACPI
[    0.145113] pci 0000:00:02.0: [8086:0126] type 00 class 0x030000
[    0.145123] pci 0000:00:02.0: reg 0x10: [mem 0xc0000000-0xc03fffff 64bit]
[    0.145128] pci 0000:00:02.0: reg 0x18: [mem 0xb0000000-0xbfffffff 64bit pref]
[    0.145132] pci 0000:00:02.0: reg 0x20: [io  0x4000-0x403f]
[    0.145223] pci 0000:00:16.0: [8086:1c3a] type 00 class 0x078000
[    0.145248] pci 0000:00:16.0: reg 0x10: [mem 0xc0805000-0xc080500f 64bit]
[    0.145327] pci 0000:00:16.0: PME# supported from D0 D3hot D3cold
[    0.145402] pci 0000:00:1a.0: [8086:1c2d] type 00 class 0x0c0320
[    0.145424] pci 0000:00:1a.0: reg 0x10: [mem 0xc080a000-0xc080a3ff]
[    0.145514] pci 0000:00:1a.0: PME# supported from D0 D3hot D3cold
[    0.145585] pci 0000:00:1b.0: [8086:1c20] type 00 class 0x040300
[    0.145601] pci 0000:00:1b.0: reg 0x10: [mem 0xc0800000-0xc0803fff 64bit]
[    0.145668] pci 0000:00:1b.0: PME# supported from D0 D3hot D3cold
[    0.145710] pci 0000:00:1b.0: System wakeup disabled by ACPI
[    0.145737] pci 0000:00:1c.0: [8086:1c10] type 01 class 0x060400
[    0.145816] pci 0000:00:1c.0: PME# supported from D0 D3hot D3cold
[    0.145858] pci 0000:00:1c.0: System wakeup disabled by ACPI
[    0.145887] pci 0000:00:1c.3: [8086:1c16] type 01 class 0x060400
[    0.145964] pci 0000:00:1c.3: PME# supported from D0 D3hot D3cold
[    0.146006] pci 0000:00:1c.3: System wakeup disabled by ACPI
[    0.146037] pci 0000:00:1c.4: [8086:1c18] type 01 class 0x060400
[    0.146166] pci 0000:00:1c.4: PME# supported from D0 D3hot D3cold
[    0.146250] pci 0000:00:1d.0: [8086:1c26] type 00 class 0x0c0320
[    0.146275] pci 0000:00:1d.0: reg 0x10: [mem 0xc0809000-0xc08093ff]
[    0.146365] pci 0000:00:1d.0: PME# supported from D0 D3hot D3cold
[    0.146431] pci 0000:00:1f.0: [8086:1c49] type 00 class 0x060100
[    0.146595] pci 0000:00:1f.2: [8086:1c03] type 00 class 0x010601
[    0.146613] pci 0000:00:1f.2: reg 0x10: [io  0x4088-0x408f]
[    0.146621] pci 0000:00:1f.2: reg 0x14: [io  0x4094-0x4097]
[    0.146628] pci 0000:00:1f.2: reg 0x18: [io  0x4080-0x4087]
[    0.146636] pci 0000:00:1f.2: reg 0x1c: [io  0x4090-0x4093]
[    0.146644] pci 0000:00:1f.2: reg 0x20: [io  0x4060-0x407f]
[    0.146652] pci 0000:00:1f.2: reg 0x24: [mem 0xc0808000-0xc08087ff]
[    0.146696] pci 0000:00:1f.2: PME# supported from D3hot
[    0.146755] pci 0000:00:1f.3: [8086:1c22] type 00 class 0x0c0500
[    0.146771] pci 0000:00:1f.3: reg 0x10: [mem 0xc0804000-0xc08040ff 64bit]
[    0.146792] pci 0000:00:1f.3: reg 0x20: [io  0xefa0-0xefbf]
[    0.146899] pci 0000:01:00.0: [1002:6741] type 00 class 0x030000
[    0.146913] pci 0000:01:00.0: reg 0x10: [mem 0xa0000000-0xafffffff 64bit pref]
[    0.146924] pci 0000:01:00.0: reg 0x18: [mem 0xc0700000-0xc071ffff 64bit]
[    0.146931] pci 0000:01:00.0: reg 0x20: [io  0x3000-0x30ff]
[    0.146944] pci 0000:01:00.0: reg 0x30: [mem 0xfffe0000-0xffffffff pref]
[    0.146977] pci 0000:01:00.0: supports D1 D2
[    0.146995] pci 0000:01:00.0: System wakeup disabled by ACPI
[    0.148292] pci 0000:00:01.0: PCI bridge to [bus 01]
[    0.148299] pci 0000:00:01.0:   bridge window [io  0x3000-0x3fff]
[    0.148306] pci 0000:00:01.0:   bridge window [mem 0xc0700000-0xc07fffff]
[    0.148314] pci 0000:00:01.0:   bridge window [mem 0xa0000000-0xafffffff 64bit pref]
[    0.148568] pci 0000:02:00.0: [8086:0091] type 00 class 0x028000
[    0.148732] pci 0000:02:00.0: reg 0x10: [mem 0xc0600000-0xc0601fff 64bit]
[    0.149479] pci 0000:02:00.0: PME# supported from D0 D3hot D3cold
[    0.149623] pci 0000:02:00.0: System wakeup disabled by ACPI
[    0.151437] pci 0000:00:1c.0: PCI bridge to [bus 02]
[    0.151443] pci 0000:00:1c.0:   bridge window [mem 0xc0600000-0xc06fffff]
[    0.151585] pci 0000:03:00.0: [10ec:8168] type 00 class 0x020000
[    0.151654] pci 0000:03:00.0: reg 0x10: [io  0x2000-0x20ff]
[    0.151773] pci 0000:03:00.0: reg 0x18: [mem 0xc0404000-0xc0404fff 64bit pref]
[    0.151847] pci 0000:03:00.0: reg 0x20: [mem 0xc0400000-0xc0403fff 64bit pref]
[    0.152173] pci 0000:03:00.0: supports D1 D2
[    0.152174] pci 0000:03:00.0: PME# supported from D0 D1 D2 D3hot D3cold
[    0.152281] pci 0000:03:00.0: System wakeup disabled by ACPI
[    0.154368] pci 0000:00:1c.3: PCI bridge to [bus 03]
[    0.154378] pci 0000:00:1c.3:   bridge window [io  0x2000-0x2fff]
[    0.154396] pci 0000:00:1c.3:   bridge window [mem 0xc0400000-0xc04fffff 64bit pref]
[    0.154551] pci 0000:04:00.0: [1b21:1042] type 00 class 0x0c0330
[    0.154588] pci 0000:04:00.0: reg 0x10: [mem 0xc0500000-0xc0507fff 64bit]
[    0.154779] pci 0000:04:00.0: PME# supported from D3hot D3cold
[    0.156371] pci 0000:00:1c.4: PCI bridge to [bus 04]
[    0.156385] pci 0000:00:1c.4:   bridge window [mem 0xc0500000-0xc05fffff]
[    0.157090] ACPI: PCI Interrupt Link [LNKA] (IRQs 1 3 4 5 6 10 *11 12 14 15)
[    0.157139] ACPI: PCI Interrupt Link [LNKB] (IRQs 1 3 4 5 6 10 11 12 14 15) *0, disabled.
[    0.157185] ACPI: PCI Interrupt Link [LNKC] (IRQs 1 3 4 5 6 *10 11 12 14 15)
[    0.157230] ACPI: PCI Interrupt Link [LNKD] (IRQs 1 3 4 5 6 *10 11 12 14 15)
[    0.157275] ACPI: PCI Interrupt Link [LNKE] (IRQs 1 3 4 *5 6 10 11 12 14 15)
[    0.157325] ACPI: PCI Interrupt Link [LNKF] (IRQs 1 3 4 5 6 10 11 12 14 15) *0, disabled.
[    0.157371] ACPI: PCI Interrupt Link [LNKG] (IRQs 1 3 4 5 6 10 *11 12 14 15)
[    0.157416] ACPI: PCI Interrupt Link [LNKH] (IRQs 1 3 4 *5 6 10 11 12 14 15)
[    0.157918] ACPI: Enabled 4 GPEs in block 00 to 3F
[    0.157924] ACPI: \_SB_.PCI0: notify handler is installed
[    0.157969] Found 1 acpi root devices
[    0.158000] ACPI: EC: GPE = 0x17, I/O: command/status = 0x66, data = 0x62
[    0.158070] vgaarb: device added: PCI:0000:00:02.0,decodes=io+mem,owns=io+mem,locks=none
[    0.158074] vgaarb: device added: PCI:0000:01:00.0,decodes=io+mem,owns=none,locks=none
[    0.158075] vgaarb: loaded
[    0.158076] vgaarb: bridge control possible 0000:01:00.0
[    0.158077] vgaarb: no bridge control possible 0000:00:02.0
[    0.158131] SCSI subsystem initialized
[    0.158132] ACPI: bus type ATA registered
[    0.158177] libata version 3.00 loaded.
[    0.158195] ACPI: bus type USB registered
[    0.158210] usbcore: registered new interface driver usbfs
[    0.158215] usbcore: registered new interface driver hub
[    0.158233] usbcore: registered new device driver usb
[    0.158284] PCI: Using ACPI for IRQ routing
[    0.159796] PCI: pci_cache_line_size set to 64 bytes
[    0.159891] e820: reserve RAM buffer [mem 0x0009d800-0x0009ffff]
[    0.159892] e820: reserve RAM buffer [mem 0x9abef000-0x9bffffff]
[    0.159894] e820: reserve RAM buffer [mem 0x9b000000-0x9bffffff]
[    0.159895] e820: reserve RAM buffer [mem 0x1dfe00000-0x1dfffffff]
[    0.159965] NetLabel: Initializing
[    0.159966] NetLabel:  domain hash size = 128
[    0.159967] NetLabel:  protocols = UNLABELED CIPSOv4
[    0.159975] NetLabel:  unlabeled traffic allowed by default
[    0.160014] hpet0: at MMIO 0xfed00000, IRQs 2, 8, 0, 0, 0, 0, 0, 0
[    0.160019] hpet0: 8 comparators, 64-bit 14.318180 MHz counter
[    0.162045] Switched to clocksource hpet
[    0.166280] pnp: PnP ACPI init
[    0.166292] ACPI: bus type PNP registered
[    0.166620] pnp 00:00: [dma 4]
[    0.166641] pnp 00:00: Plug and Play ACPI device, IDs PNP0200 (active)
[    0.166659] pnp 00:01: Plug and Play ACPI device, IDs INT0800 (active)
[    0.166730] pnp 00:02: Plug and Play ACPI device, IDs PNP0103 (active)
[    0.166754] pnp 00:03: Plug and Play ACPI device, IDs PNP0c04 (active)
[    0.166794] system 00:04: [io  0x0680-0x069f] has been reserved
[    0.166796] system 00:04: [io  0x1000-0x100f] has been reserved
[    0.166798] system 00:04: [io  0x5000-0x5003] has been reserved
[    0.166799] system 00:04: [io  0xffff] has been reserved
[    0.166801] system 00:04: [io  0x0400-0x0453] could not be reserved
[    0.166803] system 00:04: [io  0x0458-0x047f] has been reserved
[    0.166804] system 00:04: [io  0x0500-0x057f] has been reserved
[    0.166806] system 00:04: [io  0x0a00-0x0a0f] has been reserved
[    0.166807] system 00:04: [io  0x164e-0x164f] has been reserved
[    0.166809] system 00:04: [io  0x5000-0x500f] could not be reserved
[    0.166811] system 00:04: Plug and Play ACPI device, IDs PNP0c02 (active)
[    0.166830] pnp 00:05: Plug and Play ACPI device, IDs PNP0b00 (active)
[    0.166867] system 00:06: [io  0x0454-0x0457] has been reserved
[    0.166870] system 00:06: Plug and Play ACPI device, IDs INT3f0d PNP0c02 (active)
[    0.166893] pnp 00:07: Plug and Play ACPI device, IDs PNP0303 (active)
[    0.166929] pnp 00:08: Plug and Play ACPI device, IDs ETD0b00 SYN0002 PNP0f13 (active)
[    0.167067] system 00:09: [mem 0xfed1c000-0xfed1ffff] has been reserved
[    0.167069] system 00:09: [mem 0xfed10000-0xfed17fff] has been reserved
[    0.167070] system 00:09: [mem 0xfed18000-0xfed18fff] has been reserved
[    0.167072] system 00:09: [mem 0xfed19000-0xfed19fff] has been reserved
[    0.167073] system 00:09: [mem 0xf8000000-0xfbffffff] has been reserved
[    0.167075] system 00:09: [mem 0xfed20000-0xfed3ffff] has been reserved
[    0.167076] system 00:09: [mem 0xfed90000-0xfed93fff] has been reserved
[    0.167078] system 00:09: [mem 0xfed45000-0xfed8ffff] has been reserved
[    0.167080] system 00:09: [mem 0xff000000-0xffffffff] could not be reserved
[    0.167081] system 00:09: [mem 0xfee00000-0xfeefffff] could not be reserved
[    0.167083] system 00:09: Plug and Play ACPI device, IDs PNP0c02 (active)
[    0.167810] system 00:0a: Plug and Play ACPI device, IDs PNP0c01 (active)
[    0.167829] pnp: PnP ACPI: found 11 devices
[    0.167830] ACPI: bus type PNP unregistered
[    0.173927] pci 0000:01:00.0: no compatible bridge window for [mem 0xfffe0000-0xffffffff pref]
[    0.173960] pci 0000:01:00.0: BAR 6: assigned [mem 0xc0720000-0xc073ffff pref]
[    0.173963] pci 0000:00:01.0: PCI bridge to [bus 01]
[    0.173965] pci 0000:00:01.0:   bridge window [io  0x3000-0x3fff]
[    0.173967] pci 0000:00:01.0:   bridge window [mem 0xc0700000-0xc07fffff]
[    0.173970] pci 0000:00:01.0:   bridge window [mem 0xa0000000-0xafffffff 64bit pref]
[    0.173973] pci 0000:00:1c.0: PCI bridge to [bus 02]
[    0.173978] pci 0000:00:1c.0:   bridge window [mem 0xc0600000-0xc06fffff]
[    0.173986] pci 0000:00:1c.3: PCI bridge to [bus 03]
[    0.173989] pci 0000:00:1c.3:   bridge window [io  0x2000-0x2fff]
[    0.173996] pci 0000:00:1c.3:   bridge window [mem 0xc0400000-0xc04fffff 64bit pref]
[    0.174002] pci 0000:00:1c.4: PCI bridge to [bus 04]
[    0.174007] pci 0000:00:1c.4:   bridge window [mem 0xc0500000-0xc05fffff]
[    0.174235] pci_bus 0000:00: resource 4 [io  0x0000-0x0cf7]
[    0.174237] pci_bus 0000:00: resource 5 [io  0x0d00-0xffff]
[    0.174239] pci_bus 0000:00: resource 6 [mem 0x000a0000-0x000bffff]
[    0.174240] pci_bus 0000:00: resource 7 [mem 0x9fa00000-0xfeafffff]
[    0.174241] pci_bus 0000:00: resource 8 [mem 0xfed40000-0xfed44fff]
[    0.174243] pci_bus 0000:01: resource 0 [io  0x3000-0x3fff]
[    0.174244] pci_bus 0000:01: resource 1 [mem 0xc0700000-0xc07fffff]
[    0.174246] pci_bus 0000:01: resource 2 [mem 0xa0000000-0xafffffff 64bit pref]
[    0.174247] pci_bus 0000:02: resource 1 [mem 0xc0600000-0xc06fffff]
[    0.174249] pci_bus 0000:03: resource 0 [io  0x2000-0x2fff]
[    0.174250] pci_bus 0000:03: resource 2 [mem 0xc0400000-0xc04fffff 64bit pref]
[    0.174252] pci_bus 0000:04: resource 1 [mem 0xc0500000-0xc05fffff]
[    0.174279] NET: Registered protocol family 2
[    0.174484] TCP established hash table entries: 65536 (order: 8, 1048576 bytes)
[    0.174685] TCP bind hash table entries: 65536 (order: 8, 1048576 bytes)
[    0.174810] TCP: Hash tables configured (established 65536 bind 65536)
[    0.174835] TCP: reno registered
[    0.174848] UDP hash table entries: 4096 (order: 5, 131072 bytes)
[    0.174880] UDP-Lite hash table entries: 4096 (order: 5, 131072 bytes)
[    0.174966] NET: Registered protocol family 1
[    0.174979] pci 0000:00:02.0: Boot video device
[    0.175377] PCI: CLS 64 bytes, default 64
[    0.175415] Unpacking initramfs...
[    0.324487] Freeing initrd memory: 9548K (ffff880036d4a000 - ffff88003769d000)
[    0.324492] PCI-DMA: Using software bounce buffering for IO (SWIOTLB)
[    0.324494] software IO TLB [mem 0x96bef000-0x9abef000] (64MB) mapped at [ffff880096bef000-ffff88009abeefff]
[    0.326654] alg: No test for __gcm-aes-aesni (__driver-gcm-aes-aesni)
[    0.326994] Initialise system trusted keyring
[    0.327032] audit: initializing netlink socket (disabled)
[    0.327045] type=2000 audit(1385065060.298:1): initialized
[    0.347807] HugeTLB registered 2 MB page size, pre-allocated 0 pages
[    0.348737] zbud: loaded
[    0.348870] VFS: Disk quotas dquot_6.5.2
[    0.348901] Dquot-cache hash table entries: 512 (order 0, 4096 bytes)
[    0.349196] msgmni has been set to 11758
[    0.349244] Key type big_key registered
[    0.349245] SELinux:  Registering netfilter hooks
[    0.349845] alg: No test for stdrng (krng)
[    0.349851] NET: Registered protocol family 38
[    0.349853] Key type asymmetric registered
[    0.349855] Asymmetric key parser 'x509' registered
[    0.349880] Block layer SCSI generic (bsg) driver version 0.4 loaded (major 252)
[    0.349904] io scheduler noop registered
[    0.349906] io scheduler deadline registered
[    0.349927] io scheduler cfq registered (default)
[    0.350006] pcieport 0000:00:01.0: irq 40 for MSI/MSI-X
[    0.350162] pci_hotplug: PCI Hot Plug PCI Core version: 0.5
[    0.350172] pciehp: PCI Express Hot Plug Controller Driver version: 0.4
[    0.350220] intel_idle: MWAIT substates: 0x21120
[    0.350221] intel_idle: v0.4 model 0x2A
[    0.350222] intel_idle: lapic_timer_reliable_states 0xffffffff
[    0.350769] ACPI: AC Adapter [ADP1] (off-line)
[    0.350849] input: Lid Switch as /devices/LNXSYSTM:00/device:00/PNP0C0D:00/input/input0
[    0.351064] ACPI: Lid Switch [LID0]
[    0.351094] input: Power Button as /devices/LNXSYSTM:00/device:00/PNP0C0C:00/input/input1
[    0.351098] ACPI: Power Button [PWRB]
[    0.351123] input: Power Button as /devices/LNXSYSTM:00/LNXPWRBN:00/input/input2
[    0.351125] ACPI: Power Button [PWRF]
[    0.351361] ACPI: Fan [FAN0] (off)
[    0.351384] ACPI: Fan [FAN1] (off)
[    0.351404] ACPI: Fan [FAN2] (off)
[    0.351423] ACPI: Fan [FAN3] (off)
[    0.351442] ACPI: Fan [FAN4] (off)
[    0.351474] ACPI: Requesting acpi_cpufreq
[    0.353818] thermal LNXTHERM:00: registered as thermal_zone0
[    0.353820] ACPI: Thermal Zone [TZ00] (44 C)
[    0.353976] thermal LNXTHERM:01: registered as thermal_zone1
[    0.353978] ACPI: Thermal Zone [TZ01] (30 C)
[    0.354000] GHES: HEST is not enabled!
[    0.354047] Serial: 8250/16550 driver, 4 ports, IRQ sharing enabled
[    0.356424] Non-volatile memory driver v1.3
[    0.356426] Linux agpgart interface v0.103
[    0.356513] ahci 0000:00:1f.2: version 3.0
[    0.356612] ahci 0000:00:1f.2: irq 41 for MSI/MSI-X
[    0.356641] ahci: SSS flag set, parallel bus scan disabled
[    0.358214] ACPI: Battery Slot [BAT1] (battery present)
[    0.367313] ahci 0000:00:1f.2: AHCI 0001.0300 32 slots 6 ports 6 Gbps 0x1d impl SATA mode
[    0.367316] ahci 0000:00:1f.2: flags: 64bit ncq sntf ilck stag pm led clo pio slum part ems sxs apst 
[    0.367321] ahci 0000:00:1f.2: setting latency timer to 64
[    0.373584] scsi0 : ahci
[    0.373648] scsi1 : ahci
[    0.373698] scsi2 : ahci
[    0.373748] scsi3 : ahci
[    0.373800] scsi4 : ahci
[    0.373848] scsi5 : ahci
[    0.373877] ata1: SATA max UDMA/133 abar m2048@0xc0808000 port 0xc0808100 irq 41
[    0.373878] ata2: DUMMY
[    0.373881] ata3: SATA max UDMA/133 abar m2048@0xc0808000 port 0xc0808200 irq 41
[    0.373883] ata4: SATA max UDMA/133 abar m2048@0xc0808000 port 0xc0808280 irq 41
[    0.373886] ata5: SATA max UDMA/133 abar m2048@0xc0808000 port 0xc0808300 irq 41
[    0.373887] ata6: DUMMY
[    0.373941] libphy: Fixed MDIO Bus: probed
[    0.373985] ehci_hcd: USB 2.0 'Enhanced' Host Controller (EHCI) Driver
[    0.373987] ehci-pci: EHCI PCI platform driver
[    0.374062] ehci-pci 0000:00:1a.0: setting latency timer to 64
[    0.374069] ehci-pci 0000:00:1a.0: EHCI Host Controller
[    0.374107] ehci-pci 0000:00:1a.0: new USB bus registered, assigned bus number 1
[    0.374120] ehci-pci 0000:00:1a.0: debug port 2
[    0.378038] ehci-pci 0000:00:1a.0: cache line size of 64 is not supported
[    0.378053] ehci-pci 0000:00:1a.0: irq 16, io mem 0xc080a000
[    0.383310] ehci-pci 0000:00:1a.0: USB 2.0 started, EHCI 1.00
[    0.383325] usb usb1: New USB device found, idVendor=1d6b, idProduct=0002
[    0.383327] usb usb1: New USB device strings: Mfr=3, Product=2, SerialNumber=1
[    0.383328] usb usb1: Product: EHCI Host Controller
[    0.383329] usb usb1: Manufacturer: Linux 3.11.8-300.fc20.x86_64 ehci_hcd
[    0.383331] usb usb1: SerialNumber: 0000:00:1a.0
[    0.383419] hub 1-0:1.0: USB hub found
[    0.383422] hub 1-0:1.0: 2 ports detected
[    0.383542] ehci-pci 0000:00:1d.0: setting latency timer to 64
[    0.383547] ehci-pci 0000:00:1d.0: EHCI Host Controller
[    0.383585] ehci-pci 0000:00:1d.0: new USB bus registered, assigned bus number 2
[    0.383596] ehci-pci 0000:00:1d.0: debug port 2
[    0.387507] ehci-pci 0000:00:1d.0: cache line size of 64 is not supported
[    0.387519] ehci-pci 0000:00:1d.0: irq 23, io mem 0xc0809000
[    0.393322] ehci-pci 0000:00:1d.0: USB 2.0 started, EHCI 1.00
[    0.393332] usb usb2: New USB device found, idVendor=1d6b, idProduct=0002
[    0.393333] usb usb2: New USB device strings: Mfr=3, Product=2, SerialNumber=1
[    0.393335] usb usb2: Product: EHCI Host Controller
[    0.393336] usb usb2: Manufacturer: Linux 3.11.8-300.fc20.x86_64 ehci_hcd
[    0.393337] usb usb2: SerialNumber: 0000:00:1d.0
[    0.393411] hub 2-0:1.0: USB hub found
[    0.393415] hub 2-0:1.0: 2 ports detected
[    0.393469] ohci_hcd: USB 1.1 'Open' Host Controller (OHCI) Driver
[    0.393470] ohci-pci: OHCI PCI platform driver
[    0.393479] uhci_hcd: USB Universal Host Controller Interface driver
[    0.393535] xhci_hcd 0000:04:00.0: xHCI Host Controller
[    0.393570] xhci_hcd 0000:04:00.0: new USB bus registered, assigned bus number 3
[    0.456745] xhci_hcd 0000:04:00.0: irq 42 for MSI/MSI-X
[    0.456749] xhci_hcd 0000:04:00.0: irq 43 for MSI/MSI-X
[    0.456753] xhci_hcd 0000:04:00.0: irq 44 for MSI/MSI-X
[    0.456757] xhci_hcd 0000:04:00.0: irq 45 for MSI/MSI-X
[    0.456760] xhci_hcd 0000:04:00.0: irq 46 for MSI/MSI-X
[    0.456862] usb usb3: New USB device found, idVendor=1d6b, idProduct=0002
[    0.456863] usb usb3: New USB device strings: Mfr=3, Product=2, SerialNumber=1
[    0.456865] usb usb3: Product: xHCI Host Controller
[    0.456866] usb usb3: Manufacturer: Linux 3.11.8-300.fc20.x86_64 xhci_hcd
[    0.456867] usb usb3: SerialNumber: 0000:04:00.0
[    0.456922] xHCI xhci_add_endpoint called for root hub
[    0.456924] xHCI xhci_check_bandwidth called for root hub
[    0.456940] hub 3-0:1.0: USB hub found
[    0.456950] hub 3-0:1.0: 2 ports detected
[    0.457000] xhci_hcd 0000:04:00.0: xHCI Host Controller
[    0.457037] xhci_hcd 0000:04:00.0: new USB bus registered, assigned bus number 4
[    0.457074] usb usb4: New USB device found, idVendor=1d6b, idProduct=0003
[    0.457076] usb usb4: New USB device strings: Mfr=3, Product=2, SerialNumber=1
[    0.457077] usb usb4: Product: xHCI Host Controller
[    0.457079] usb usb4: Manufacturer: Linux 3.11.8-300.fc20.x86_64 xhci_hcd
[    0.457080] usb usb4: SerialNumber: 0000:04:00.0
[    0.457128] xHCI xhci_add_endpoint called for root hub
[    0.457130] xHCI xhci_check_bandwidth called for root hub
[    0.457145] hub 4-0:1.0: USB hub found
[    0.457152] hub 4-0:1.0: 2 ports detected
[    0.462427] usbcore: registered new interface driver usbserial
[    0.462432] usbcore: registered new interface driver usbserial_generic
[    0.462437] usbserial: USB Serial support registered for generic
[    0.462465] i8042: PNP: PS/2 Controller [PNP0303:PS2K,PNP0f13:EPAD] at 0x60,0x64 irq 1,12
[    0.465651] serio: i8042 KBD port at 0x60,0x64 irq 1
[    0.465656] serio: i8042 AUX port at 0x60,0x64 irq 12
[    0.465708] mousedev: PS/2 mouse device common for all mice
[    0.465967] rtc_cmos 00:05: rtc core: registered rtc_cmos as rtc0
[    0.465994] rtc_cmos 00:05: alarms up to one month, y3k, 242 bytes nvram, hpet irqs
[    0.466043] device-mapper: uevent: version 1.0.3
[    0.466091] device-mapper: ioctl: 4.25.0-ioctl (2013-06-26) initialised: dm-devel@redhat.com
[    0.466118] Intel P-state driver initializing.
[    0.466127] Intel pstate controlling: cpu 0
[    0.466140] Intel pstate controlling: cpu 1
[    0.466151] Intel pstate controlling: cpu 2
[    0.466159] Intel pstate controlling: cpu 3
[    0.466235] cpuidle: using governor menu
[    0.466409] hidraw: raw HID events driver (C) Jiri Kosina
[    0.466471] usbcore: registered new interface driver usbhid
[    0.466472] usbhid: USB HID core driver
[    0.466505] drop_monitor: Initializing network drop monitor service
[    0.466574] ip_tables: (C) 2000-2006 Netfilter Core Team
[    0.466600] TCP: cubic registered
[    0.466603] Initializing XFRM netlink socket
[    0.466675] NET: Registered protocol family 10
[    0.466828] mip6: Mobile IPv6
[    0.466829] NET: Registered protocol family 17
[    0.467010] PM: Hibernation image not present or could not be loaded.
[    0.467013] Loading compiled-in X.509 certificates
[    0.467889] Loaded X.509 cert 'Fedora kernel signing key: d21e7ec82c014f5dd4cd2976a92b8d356533c9b4'
[    0.467897] registered taskstats version 1
[    0.468458]   Magic number: 5:451:296
[    0.468477] tty tty29: hash matches
[    0.468540] rtc_cmos 00:05: setting system clock to 2013-11-21 20:17:40 UTC (1385065060)
[    0.499930] input: AT Translated Set 2 keyboard as /devices/platform/i8042/serio0/input/input3
[    0.678676] ata1: SATA link up 3.0 Gbps (SStatus 123 SControl 300)
[    0.684979] ata1.00: ATA-8: ST1000LM024 HN-M101MBB, 2AR10002, max UDMA/133
[    0.684982] ata1.00: 1953525168 sectors, multi 16: LBA48 NCQ (depth 31/32), AA
[    0.685680] usb 1-1: new high-speed USB device number 2 using ehci-pci
[    0.691284] ata1.00: configured for UDMA/133
[    0.691507] scsi 0:0:0:0: Direct-Access     ATA      ST1000LM024 HN-M 2AR1 PQ: 0 ANSI: 5
[    0.691625] sd 0:0:0:0: [sda] 1953525168 512-byte logical blocks: (1.00 TB/931 GiB)
[    0.691627] sd 0:0:0:0: Attached scsi generic sg0 type 0
[    0.691629] sd 0:0:0:0: [sda] 4096-byte physical blocks
[    0.691747] sd 0:0:0:0: [sda] Write Protect is off
[    0.691751] sd 0:0:0:0: [sda] Mode Sense: 00 3a 00 00
[    0.691816] sd 0:0:0:0: [sda] Write cache: enabled, read cache: enabled, doesn't support DPO or FUA
[    0.742489]  sda: sda1 sda2 sda3 < sda5 sda6 >
[    0.742826] sd 0:0:0:0: [sda] Attached SCSI disk
[    0.800233] usb 1-1: New USB device found, idVendor=8087, idProduct=0024
[    0.800236] usb 1-1: New USB device strings: Mfr=0, Product=0, SerialNumber=0
[    0.800511] hub 1-1:1.0: USB hub found
[    0.800609] hub 1-1:1.0: 6 ports detected
[    0.902907] usb 2-1: new high-speed USB device number 2 using ehci-pci
[    0.997018] ata3: SATA link up 1.5 Gbps (SStatus 113 SControl 300)
[    0.998842] ata3.00: ATAPI: MATSHITADVD-RAM UJ8A7AS, 1.00, max UDMA/100
[    1.001454] ata3.00: configured for UDMA/100
[    1.005212] scsi 2:0:0:0: CD-ROM            MATSHITA DVD-RAM UJ8A7AS  1.00 PQ: 0 ANSI: 5
[    1.008367] sr0: scsi3-mmc drive: 24x/24x writer dvd-ram cd/rw xa/form2 cdda caddy
[    1.008377] cdrom: Uniform CD-ROM driver Revision: 3.20
[    1.008578] sr 2:0:0:0: Attached scsi CD-ROM sr0
[    1.008648] sr 2:0:0:0: Attached scsi generic sg1 type 5
[    1.017525] usb 2-1: New USB device found, idVendor=8087, idProduct=0024
[    1.017543] usb 2-1: New USB device strings: Mfr=0, Product=0, SerialNumber=0
[    1.017962] hub 2-1:1.0: USB hub found
[    1.018141] hub 2-1:1.0: 6 ports detected
[    1.092324] usb 1-1.4: new high-speed USB device number 3 using ehci-pci
[    1.313485] ata4: SATA link down (SStatus 0 SControl 300)
[    1.327487] tsc: Refined TSC clocksource calibration: 2494.333 MHz
[    1.341079] usb 1-1.4: New USB device found, idVendor=2232, idProduct=1018
[    1.341087] usb 1-1.4: New USB device strings: Mfr=1, Product=2, SerialNumber=0
[    1.341092] usb 1-1.4: Product: WebCam SC-13HDL11431N
[    1.341095] usb 1-1.4: Manufacturer: 123
[    1.405156] psmouse serio1: elantech: assuming hardware version 4 (with firmware version 0x361f06)
[    1.420912] psmouse serio1: elantech: Synaptics capabilities query result 0x21, 0x15, 0x0f.
[    1.502116] input: ETPS/2 Elantech Touchpad as /devices/platform/i8042/serio1/input/input4
[    1.586887] usb 2-1.2: new low-speed USB device number 3 using ehci-pci
[    1.618834] ata5: SATA link down (SStatus 0 SControl 300)
[    1.619777] Freeing unused kernel memory: 1420K (ffffffff81cf9000 - ffffffff81e5c000)
[    1.619779] Write protecting the kernel read-only data: 12288k
[    1.623101] Freeing unused kernel memory: 1688K (ffff88000165a000 - ffff880001800000)
[    1.625374] Freeing unused kernel memory: 1232K (ffff880001acc000 - ffff880001c00000)
[    1.629168] systemd[1]: systemd 208 running in system mode. (+PAM +LIBWRAP +AUDIT +SELINUX +IMA +SYSVINIT +LIBCRYPTSETUP +GCRYPT +ACL +XZ)
[    1.629366] systemd[1]: Running in initial RAM disk.
[    1.629425] systemd[1]: Set hostname to <localhost.localdomain>.
[    1.634068] systemd[1]: Expecting device dev-disk-by\x2duuid-4fddbf80\x2d47e1\x2d4829\x2daf4f\x2df622dd1a8ada.device...
[    1.634081] systemd[1]: Starting -.slice.
[    1.634190] systemd[1]: Created slice -.slice.
[    1.634201] systemd[1]: Starting System Slice.
[    1.634241] systemd[1]: Created slice System Slice.
[    1.634249] systemd[1]: Starting Slices.
[    1.634258] systemd[1]: Reached target Slices.
[    1.634264] systemd[1]: Starting Timers.
[    1.634272] systemd[1]: Reached target Timers.
[    1.634283] systemd[1]: Starting udev Kernel Socket.
[    1.634307] systemd[1]: Listening on udev Kernel Socket.
[    1.634317] systemd[1]: Starting udev Control Socket.
[    1.634340] systemd[1]: Listening on udev Control Socket.
[    1.634348] systemd[1]: Starting Journal Socket.
[    1.634379] systemd[1]: Listening on Journal Socket.
[    1.634497] systemd[1]: Started dracut cmdline hook.
[    1.634613] systemd[1]: Started dracut pre-udev hook.
[    1.634714] systemd[1]: Started Load Kernel Modules.
[    1.634722] systemd[1]: Starting Sockets.
[    1.634740] systemd[1]: Reached target Sockets.
[    1.634750] systemd[1]: Starting Setup Virtual Console...
[    1.634988] systemd[1]: Starting Journal Service...
[    1.635212] systemd[1]: Started Journal Service.
[    1.638508] systemd-journald[97]: Vacuuming done, freed 0 bytes
[    1.644246] systemd-udevd[109]: starting version 208
[    1.665810] usb 2-1.2: New USB device found, idVendor=1d57, idProduct=32ba
[    1.665814] usb 2-1.2: New USB device strings: Mfr=0, Product=2, SerialNumber=0
[    1.665817] usb 2-1.2: Product: 2.4G Receiver
[    1.668126] input: 2.4G Receiver as /devices/pci0000:00/0000:00:1d.0/usb2/2-1/2-1.2/2-1.2:1.0/input/input5
[    1.668257] hid-generic 0003:1D57:32BA.0001: input,hidraw0: USB HID v1.10 Mouse [2.4G Receiver] on usb-0000:00:1d.0-1.2/input0
[    1.692584] [drm] Initialized drm 1.1.0 20060810
[    1.713178] [drm] Memory usable by graphics device = 2048M
[    1.713185] i915 0000:00:02.0: setting latency timer to 64
[    1.734112] i915 0000:00:02.0: irq 47 for MSI/MSI-X
[    1.734120] [drm] Supports vblank timestamp caching Rev 1 (10.10.2010).
[    1.734121] [drm] Driver supports precise vblank timestamp query.
[    1.734134] ACPI Warning: \_SB_.PCI0.GFX0._DSM: Argument #4 type mismatch - Found [Integer], ACPI requires [Package] (20130517/nsarguments-95)
[    1.734187] ACPI Warning: \_SB_.PCI0.GFX0._DSM: Argument #4 type mismatch - Found [Integer], ACPI requires [Package] (20130517/nsarguments-95)
[    1.734691] ACPI Error: Needed [Buffer/String/Package], found [Integer] ffff8801d4646360 (20130517/exresop-590)
[    1.734694] ACPI Exception: AE_AML_OPERAND_TYPE, While resolving operands for [OpcodeName unavailable] (20130517/dswexec-461)
[    1.734696] ACPI Error: Method parse/execution failed [\_SB_.PCI0.GFX0._DSM] (Node ffff8801d689b000), AE_AML_OPERAND_TYPE (20130517/psparse-536)
[    1.734736] vgaarb: device changed decodes: PCI:0000:00:02.0,olddecodes=io+mem,decodes=none:owns=io+mem
[    1.734737] vgaarb: transferring owner from PCI:0000:00:02.0 to PCI:0000:01:00.0
[    1.742038] usb 2-1.3: new full-speed USB device number 4 using ehci-pci
[    1.758282] [drm] Wrong MCH_SSKPD value: 0x16040307
[    1.758285] [drm] This can cause pipe underruns and display issues.
[    1.758286] [drm] Please upgrade your BIOS to fix this.
[    1.770314] fbcon: inteldrmfb (fb0) is primary device
[    1.822216] usb 2-1.3: New USB device found, idVendor=8086, idProduct=0189
[    1.822221] usb 2-1.3: New USB device strings: Mfr=0, Product=0, SerialNumber=0
[    2.328936] Switched to clocksource tsc
[    2.814177] Console: switching to colour frame buffer device 200x56
[    2.821880] i915 0000:00:02.0: fb0: inteldrmfb frame buffer device
[    2.821881] i915 0000:00:02.0: registered panic notifier
[    2.822438] [Firmware Bug]: ACPI(PEGP) defines _DOD but not _DOS
[    2.832756] acpi device:2e: registered as cooling_device9
[    2.833004] ACPI: Video Device [PEGP] (multi-head: yes  rom: no  post: no)
[    2.833065] input: Video Bus as /devices/LNXSYSTM:00/device:00/PNP0A08:00/device:2c/LNXVIDEO:00/input/input6
[    2.835209] acpi device:3b: registered as cooling_device10
[    2.835498] ACPI: Video Device [GFX0] (multi-head: yes  rom: no  post: no)
[    2.835556] input: Video Bus as /devices/LNXSYSTM:00/device:00/PNP0A08:00/LNXVIDEO:01/input/input7
[    2.835659] [drm] Initialized i915 1.6.0 20080730 for 0000:00:02.0 on minor 0
[    2.921687] EXT4-fs (sda6): mounted filesystem with ordered data mode. Opts: (null)
[    3.167114] systemd-journald[97]: Received SIGTERM
[    3.738528] [drm] Enabling RC6 states: RC6 on, RC6p off, RC6pp off
[    3.984401] type=1404 audit(1385065064.010:2): enforcing=1 old_enforcing=0 auid=4294967295 ses=4294967295
[    4.253792] SELinux: 2048 avtab hash slots, 102947 rules.
[    4.269108] SELinux: 2048 avtab hash slots, 102947 rules.
[    4.282523] SELinux:  8 users, 82 roles, 4603 types, 261 bools, 1 sens, 1024 cats
[    4.282528] SELinux:  83 classes, 102947 rules
[    4.286125] SELinux:  Completing initialization.
[    4.286128] SELinux:  Setting up existing superblocks.
[    4.286134] SELinux: initialized (dev sysfs, type sysfs), uses genfs_contexts
[    4.286138] SELinux: initialized (dev rootfs, type rootfs), uses genfs_contexts
[    4.286145] SELinux: initialized (dev bdev, type bdev), uses genfs_contexts
[    4.286149] SELinux: initialized (dev proc, type proc), uses genfs_contexts
[    4.286156] SELinux: initialized (dev tmpfs, type tmpfs), uses transition SIDs
[    4.286185] SELinux: initialized (dev devtmpfs, type devtmpfs), uses transition SIDs
[    4.286844] SELinux: initialized (dev sockfs, type sockfs), uses task SIDs
[    4.286849] SELinux: initialized (dev debugfs, type debugfs), uses genfs_contexts
[    4.287410] SELinux: initialized (dev pipefs, type pipefs), uses task SIDs
[    4.287416] SELinux: initialized (dev anon_inodefs, type anon_inodefs), uses genfs_contexts
[    4.287419] SELinux: initialized (dev devpts, type devpts), uses transition SIDs
[    4.287437] SELinux: initialized (dev hugetlbfs, type hugetlbfs), uses transition SIDs
[    4.287443] SELinux: initialized (dev mqueue, type mqueue), uses transition SIDs
[    4.287449] SELinux: initialized (dev selinuxfs, type selinuxfs), uses genfs_contexts
[    4.287457] SELinux: initialized (dev sysfs, type sysfs), uses genfs_contexts
[    4.287677] SELinux: initialized (dev securityfs, type securityfs), uses genfs_contexts
[    4.287679] SELinux: initialized (dev tmpfs, type tmpfs), uses transition SIDs
[    4.287684] SELinux: initialized (dev tmpfs, type tmpfs), uses transition SIDs
[    4.287774] SELinux: initialized (dev tmpfs, type tmpfs), uses transition SIDs
[    4.287809] SELinux: initialized (dev cgroup, type cgroup), uses genfs_contexts
[    4.287815] SELinux: initialized (dev pstore, type pstore), uses genfs_contexts
[    4.287816] SELinux: initialized (dev cgroup, type cgroup), uses genfs_contexts
[    4.287820] SELinux: initialized (dev cgroup, type cgroup), uses genfs_contexts
[    4.287823] SELinux: initialized (dev cgroup, type cgroup), uses genfs_contexts
[    4.287829] SELinux: initialized (dev cgroup, type cgroup), uses genfs_contexts
[    4.287831] SELinux: initialized (dev cgroup, type cgroup), uses genfs_contexts
[    4.287834] SELinux: initialized (dev cgroup, type cgroup), uses genfs_contexts
[    4.287836] SELinux: initialized (dev cgroup, type cgroup), uses genfs_contexts
[    4.287841] SELinux: initialized (dev cgroup, type cgroup), uses genfs_contexts
[    4.287848] SELinux: initialized (dev sda6, type ext4), uses xattr
[    4.304344] type=1403 audit(1385065064.330:3): policy loaded auid=4294967295 ses=4294967295
[    4.329730] systemd[1]: Successfully loaded SELinux policy in 382.112ms.
[    4.517123] systemd[1]: RTC configured in localtime, applying delta of -180 minutes to system time.
[    4.599838] systemd[1]: Relabelled /dev and /run in 42.021ms.
[    6.154612] systemd-readahead[207]: Bumped block_nr parameter of 8:0 to 20480. This is a temporary hack and should be removed one day.
[    6.648271] SELinux: initialized (dev autofs, type autofs), uses genfs_contexts
[    7.065685] systemd-journald[218]: Vacuuming done, freed 0 bytes
[    7.851980] SELinux: initialized (dev tmpfs, type tmpfs), uses transition SIDs
[    7.852059] SELinux: initialized (dev configfs, type configfs), uses genfs_contexts
[    7.852081] SELinux: initialized (dev hugetlbfs, type hugetlbfs), uses transition SIDs
[    8.412392] RPC: Registered named UNIX socket transport module.
[    8.412396] RPC: Registered udp transport module.
[    8.412397] RPC: Registered tcp transport module.
[    8.412398] RPC: Registered tcp NFSv4.1 backchannel transport module.
[    8.412655] SELinux: initialized (dev rpc_pipefs, type rpc_pipefs), uses genfs_contexts
[    8.737313] EXT4-fs (sda6): re-mounted. Opts: (null)
[    9.015572] Installing knfsd (copyright (C) 1996 okir@monad.swb.de).
[    9.015908] SELinux: initialized (dev nfsd, type nfsd), uses genfs_contexts
[    9.786610] systemd-udevd[268]: starting version 208
[   10.361485] microcode: CPU0 sig=0x206a7, pf=0x10, revision=0x28
[   10.476901] wmi: Mapper loaded
[   10.489019] shpchp: Standard Hot Plug PCI Controller Driver version: 0.4
[   10.645737] microcode: CPU0 sig=0x206a7, pf=0x10, revision=0x28
[   10.646605] microcode: CPU0 updated to revision 0x29, date = 2013-06-12
[   10.646640] microcode: CPU1 sig=0x206a7, pf=0x10, revision=0x28
[   10.646697] microcode: CPU1 sig=0x206a7, pf=0x10, revision=0x28
[   10.647048] microcode: CPU1 updated to revision 0x29, date = 2013-06-12
[   10.647083] microcode: CPU2 sig=0x206a7, pf=0x10, revision=0x28
[   10.647140] microcode: CPU2 sig=0x206a7, pf=0x10, revision=0x28
[   10.647489] microcode: CPU2 updated to revision 0x29, date = 2013-06-12
[   10.647502] microcode: CPU3 sig=0x206a7, pf=0x10, revision=0x28
[   10.647546] microcode: CPU3 sig=0x206a7, pf=0x10, revision=0x28
[   10.647965] microcode: CPU3 updated to revision 0x29, date = 2013-06-12
[   10.648164] microcode: Microcode Update Driver: v2.00 <tigran@aivazian.fsnet.co.uk>, Peter Oruba
[   10.776543] mei_me 0000:00:16.0: setting latency timer to 64
[   10.776581] mei_me 0000:00:16.0: irq 48 for MSI/MSI-X
[   10.950926] ACPI Warning: 0x0000000000000428-0x000000000000042f SystemIO conflicts with Region \PMIO 1 (20130517/utaddress-251)
[   10.950934] ACPI: If an ACPI driver is available for this device, you should use it instead of the native driver
[   10.950938] ACPI Warning: 0x0000000000000540-0x000000000000054f SystemIO conflicts with Region \GPIO 1 (20130517/utaddress-251)
[   10.950942] ACPI Warning: 0x0000000000000540-0x000000000000054f SystemIO conflicts with Region \_SB_.PCI0.PEG0.PEGP.GPIO 2 (20130517/utaddress-251)
[   10.950946] ACPI: If an ACPI driver is available for this device, you should use it instead of the native driver
[   10.950947] ACPI Warning: 0x0000000000000530-0x000000000000053f SystemIO conflicts with Region \GPIO 1 (20130517/utaddress-251)
[   10.950950] ACPI Warning: 0x0000000000000530-0x000000000000053f SystemIO conflicts with Region \_SB_.PCI0.PEG0.PEGP.GPIO 2 (20130517/utaddress-251)
[   10.950953] ACPI: If an ACPI driver is available for this device, you should use it instead of the native driver
[   10.950955] ACPI Warning: 0x0000000000000500-0x000000000000052f SystemIO conflicts with Region \GPIO 1 (20130517/utaddress-251)
[   10.950958] ACPI Warning: 0x0000000000000500-0x000000000000052f SystemIO conflicts with Region \_SB_.PCI0.PEG0.PEGP.GPIO 2 (20130517/utaddress-251)
[   10.950961] ACPI: If an ACPI driver is available for this device, you should use it instead of the native driver
[   10.950963] lpc_ich: Resource conflict(s) found affecting gpio_ich
[   11.109101] ACPI Warning: 0x000000000000efa0-0x000000000000efbf SystemIO conflicts with Region \_SB_.PCI0.SBUS.SMBI 1 (20130517/utaddress-251)
[   11.109110] ACPI: If an ACPI driver is available for this device, you should use it instead of the native driver
[   11.285117] iTCO_vendor_support: vendor-support=0
[   11.308120] alg: No test for crc32 (crc32-pclmul)
[   11.375517] iTCO_wdt: Intel TCO WatchDog Timer Driver v1.10
[   11.375549] iTCO_wdt: Found a Cougar Point TCO device (Version=2, TCOBASE=0x0460)
[   11.375743] iTCO_wdt: initialized. heartbeat=30 sec (nowayout=0)
[   11.388695] cfg80211: Calling CRDA to update world regulatory domain
[   11.415304] samsung_laptop: detected SABI interface: SwSmi@
[   11.415309] samsung_laptop: Backlight controlled by ACPI video driver
[   11.456427] r8169 Gigabit Ethernet driver 2.3LK-NAPI loaded
[   11.456435] r8169 0000:03:00.0: can't disable ASPM; OS doesn't have ASPM control
[   11.456669] r8169 0000:03:00.0: irq 49 for MSI/MSI-X
[   11.456812] r8169 0000:03:00.0 eth0: RTL8168evl/8111evl at 0xffffc90000c7c000, e8:03:9a:0f:bf:22, XID 0c900800 IRQ 49
[   11.456814] r8169 0000:03:00.0 eth0: jumbo features [frames: 9200 bytes, tx checksumming: ko]
[   11.469911] Intel(R) Wireless WiFi driver for Linux, in-tree:d
[   11.469913] Copyright(c) 2003-2013 Intel Corporation
[   11.470075] iwlwifi 0000:02:00.0: can't disable ASPM; OS doesn't have ASPM control
[   11.470307] iwlwifi 0000:02:00.0: irq 50 for MSI/MSI-X
[   11.560742] media: Linux media interface: v0.10
[   11.565092] Linux video capture interface: v2.00
[   11.573722] uvcvideo: Found UVC 1.00 device WebCam SC-13HDL11431N (2232:1018)
[   11.593150] input: WebCam SC-13HDL11431N as /devices/pci0000:00/0000:00:1a.0/usb1/1-1/1-1.4/1-1.4:1.0/input/input8
[   11.593299] usbcore: registered new interface driver uvcvideo
[   11.593301] USB Video Class driver (1.1.1)
[   11.599158] AMD IOMMUv2 driver by Joerg Roedel <joerg.roedel@amd.com>
[   11.599162] AMD IOMMUv2 functionality not available on this system
[   11.630970] Bluetooth: Core ver 2.16
[   11.631007] NET: Registered protocol family 31
[   11.631009] Bluetooth: HCI device and connection manager initialized
[   11.631019] Bluetooth: HCI socket layer initialized
[   11.631022] Bluetooth: L2CAP socket layer initialized
[   11.631030] Bluetooth: SCO socket layer initialized
[   12.027729] fglrx: module license 'Proprietary. (C) 2002 - ATI Technologies, Starnberg, GERMANY' taints kernel.
[   12.027736] Disabling lock debugging due to kernel taint
[   12.033715] fglrx: module verification failed: signature and/or required key missing - tainting kernel
[   12.041565] <6>[fglrx] Maximum main memory to use for locked dma buffers: 5687 MBytes.
[   12.041810] <6>[fglrx]   vendor: 1002 device: 6741 count: 1
[   12.042081] <6>[fglrx] ioport: bar 4, base 0x3000, size: 0x100
[   12.042090] pci 0000:01:00.0: enabling device (0006 -> 0007)
[   12.042243] <6>[fglrx] Kernel PAT support is enabled
[   12.042263] <6>[fglrx] module loaded - fglrx 13.25.5 [Oct 24 2013] with 1 minors
[   12.105203] cfg80211: World regulatory domain updated:
[   12.105207] cfg80211:   (start_freq - end_freq @ bandwidth), (max_antenna_gain, max_eirp)
[   12.105208] cfg80211:   (2402000 KHz - 2472000 KHz @ 40000 KHz), (300 mBi, 2000 mBm)
[   12.105210] cfg80211:   (2457000 KHz - 2482000 KHz @ 40000 KHz), (300 mBi, 2000 mBm)
[   12.105211] cfg80211:   (2474000 KHz - 2494000 KHz @ 20000 KHz), (300 mBi, 2000 mBm)
[   12.105212] cfg80211:   (5170000 KHz - 5250000 KHz @ 40000 KHz), (300 mBi, 2000 mBm)
[   12.105212] cfg80211:   (5735000 KHz - 5835000 KHz @ 40000 KHz), (300 mBi, 2000 mBm)
[   12.139235] usbcore: registered new interface driver btusb
[   12.406140] snd_hda_intel 0000:00:1b.0: irq 51 for MSI/MSI-X
[   12.414355] iwlwifi 0000:02:00.0: loaded firmware version 18.168.6.1 op_mode iwldvm
[   12.419536] ALSA sound/pci/hda/patch_realtek.c:418 SKU: Nid=0x1d sku_cfg=0x4004820d
[   12.419540] ALSA sound/pci/hda/patch_realtek.c:420 SKU: port_connectivity=0x1
[   12.419542] ALSA sound/pci/hda/patch_realtek.c:421 SKU: enable_pcbeep=0x0
[   12.419544] ALSA sound/pci/hda/patch_realtek.c:422 SKU: check_sum=0x00000004
[   12.419546] ALSA sound/pci/hda/patch_realtek.c:423 SKU: customization=0x00000082
[   12.419548] ALSA sound/pci/hda/patch_realtek.c:424 SKU: external_amp=0x1
[   12.419549] ALSA sound/pci/hda/patch_realtek.c:425 SKU: platform_type=0x1
[   12.419551] ALSA sound/pci/hda/patch_realtek.c:426 SKU: swap=0x0
[   12.419553] ALSA sound/pci/hda/patch_realtek.c:427 SKU: override=0x1
[   12.419805] ALSA sound/pci/hda/hda_auto_parser.c:393 autoconfig: line_outs=2 (0x14/0x17/0x0/0x0/0x0) type:speaker
[   12.419807] ALSA sound/pci/hda/hda_auto_parser.c:397    speaker_outs=0 (0x0/0x0/0x0/0x0/0x0)
[   12.419809] ALSA sound/pci/hda/hda_auto_parser.c:401    hp_outs=1 (0x15/0x0/0x0/0x0/0x0)
[   12.419811] ALSA sound/pci/hda/hda_auto_parser.c:402    mono: mono_out=0x0
[   12.419812] ALSA sound/pci/hda/hda_auto_parser.c:406    inputs:
[   12.419815] ALSA sound/pci/hda/hda_auto_parser.c:410      Internal Mic=0x19
[   12.419817] ALSA sound/pci/hda/hda_auto_parser.c:410      Mic=0x18
[   12.419819] ALSA sound/pci/hda/patch_realtek.c:490 realtek: No valid SSID, checking pincfg 0x4004820d for NID 0x1d
[   12.419822] ALSA sound/pci/hda/patch_realtek.c:506 realtek: Enabling init ASM_ID=0x820d CODEC_ID=10ec0269
[   12.430387] input: HDA Intel PCH HDMI/DP,pcm=3 as /devices/pci0000:00/0000:00:1b.0/sound/card0/input9
[   12.430501] input: HDA Intel PCH Headphone as /devices/pci0000:00/0000:00:1b.0/sound/card0/input10
[   12.430576] input: HDA Intel PCH Mic as /devices/pci0000:00/0000:00:1b.0/sound/card0/input11
[   12.435678] iwlwifi 0000:02:00.0: CONFIG_IWLWIFI_DEBUG enabled
[   12.435683] iwlwifi 0000:02:00.0: CONFIG_IWLWIFI_DEBUGFS enabled
[   12.435685] iwlwifi 0000:02:00.0: CONFIG_IWLWIFI_DEVICE_TRACING disabled
[   12.435687] iwlwifi 0000:02:00.0: CONFIG_IWLWIFI_P2P disabled
[   12.435690] iwlwifi 0000:02:00.0: Detected Intel(R) Centrino(R) Advanced-N 6230 AGN, REV=0xB0
[   12.436706] iwlwifi 0000:02:00.0: L1 Enabled; Disabling L0S
[   12.486743] ieee80211 phy0: Selected rate control algorithm 'iwl-agn-rs'
[   12.939836] systemd-udevd[284]: renamed network interface eth0 to p3p1
[   12.999888] systemd-udevd[272]: renamed network interface wlan0 to wlp2s0
[   14.803366] Adding 6200316k swap on /dev/sda5.  Priority:-1 extents:1 across:6200316k FS
[   16.251179] fuse init (API version 7.22)
[   16.259175] SELinux: initialized (dev fusectl, type fusectl), uses genfs_contexts
[   18.669994] SELinux: initialized (dev sda2, type fuseblk), uses genfs_contexts
[   18.683501] systemd-journald[218]: Received request to flush runtime journal from PID 1
[   18.924786] type=1305 audit(1385075878.933:4): audit_pid=364 old=0 auid=4294967295 ses=4294967295
 subj=system_u:system_r:auditd_t:s0 res=1
[   32.403810] Bluetooth: BNEP (Ethernet Emulation) ver 1.3
[   32.403815] Bluetooth: BNEP filters: protocol multicast
[   32.403824] Bluetooth: BNEP socket layer initialized
[   33.692527] nf_conntrack version 0.5.0 (16384 buckets, 65536 max)
[   34.197544] ip6_tables: (C) 2000-2006 Netfilter Core Team
[   34.292975] Ebtables v2.0 registered
[   35.864706] Bridge firewalling registered
[   41.520032] r8169 0000:03:00.0 p3p1: link down
[   41.520083] IPv6: ADDRCONF(NETDEV_UP): p3p1: link is not ready
[   41.523812] iwlwifi 0000:02:00.0: L1 Enabled; Disabling L0S
[   41.530829] iwlwifi 0000:02:00.0: Radio type=0x1-0x2-0x0
[   41.799649] iwlwifi 0000:02:00.0: L1 Enabled; Disabling L0S
[   41.806694] iwlwifi 0000:02:00.0: Radio type=0x1-0x2-0x0
[   41.880375] IPv6: ADDRCONF(NETDEV_UP): wlp2s0: link is not ready
[   42.474230] fglrx_pci 0000:01:00.0: irq 52 for MSI/MSI-X
[   42.475235] <6>[fglrx] Firegl kernel thread PID: 876
[   42.475438] <6>[fglrx] Firegl kernel thread PID: 877
[   42.475637] <6>[fglrx] Firegl kernel thread PID: 878
[   42.475831] <6>[fglrx] IRQ 52 Enabled
[   42.526690] <6>[fglrx] Reserved FB block: Shared offset:0, size:1000000 
[   42.526693] <6>[fglrx] Reserved FB block: Unshared offset:f878000, size:4000 
[   42.526695] <6>[fglrx] Reserved FB block: Unshared offset:f87c000, size:484000 
[   42.526696] <6>[fglrx] Reserved FB block: Unshared offset:3fff4000, size:c000 
[   43.819968] <6>[fglrx] IRQ 52 Disabled
[   43.919699] <6>[fglrx] module unloaded - fglrx 13.25.5 [Oct 24 2013]
[   43.930731] AMD IOMMUv2 driver by Joerg Roedel <joerg.roedel@amd.com>
[   43.930734] AMD IOMMUv2 functionality not available on this system
[   43.940975] <6>[fglrx] Maximum main memory to use for locked dma buffers: 5687 MBytes.
[   43.941119] <6>[fglrx]   vendor: 1002 device: 6741 count: 1
[   43.941322] <6>[fglrx] ioport: bar 4, base 0x3000, size: 0x100
[   43.941431] <6>[fglrx] Kernel PAT support is enabled
[   43.941446] <6>[fglrx] module loaded - fglrx 13.25.5 [Oct 24 2013] with 1 minors
[   45.107528] fglrx_pci 0000:01:00.0: irq 52 for MSI/MSI-X
[   45.108228] <6>[fglrx] Firegl kernel thread PID: 941
[   45.108278] <6>[fglrx] Firegl kernel thread PID: 942
[   45.108781] <6>[fglrx] Firegl kernel thread PID: 943
[   45.108910] <6>[fglrx] IRQ 52 Enabled
[   45.156566] <6>[fglrx] Reserved FB block: Shared offset:0, size:1000000 
[   45.156569] <6>[fglrx] Reserved FB block: Unshared offset:f878000, size:4000 
[   45.156570] <6>[fglrx] Reserved FB block: Unshared offset:f87c000, size:484000 
[   45.156571] <6>[fglrx] Reserved FB block: Unshared offset:3fff4000, size:c000 
[   46.167068] <6>[fglrx] IRQ 52 Disabled
[   46.276401] <6>[fglrx] module unloaded - fglrx 13.25.5 [Oct 24 2013]
[   52.577044] IPv6: ADDRCONF(NETDEV_UP): virbr0: link is not ready
[   71.275152] SELinux: initialized (dev fuse, type fuse), uses genfs_contexts
[   77.199582] Bluetooth: RFCOMM TTY layer initialized
[   77.199597] Bluetooth: RFCOMM socket layer initialized
[   77.199599] Bluetooth: RFCOMM ver 1.11
[  106.604455] usb 3-2: new low-speed USB device number 2 using xhci_hcd
[  106.650424] usb 3-2: New USB device found, idVendor=1bcf, idProduct=0005
[  106.650482] usb 3-2: New USB device strings: Mfr=0, Product=2, SerialNumber=0
[  106.650489] usb 3-2: Product: USB Optical Mouse
[  106.651143] usb 3-2: ep 0x81 - rounding interval to 64 microframes, ep desc says 80 microframes
[  106.657965] input: USB Optical Mouse as /devices/pci0000:00/0000:00:1c.4/0000:04:00.0/usb3/3-2/3-2:1.0/input/input12
[  106.658552] hid-generic 0003:1BCF:0005.0002: input,hidraw1: USB HID v1.10 Mouse [USB Optical Mouse] on usb-0000:04:00.0-2/input0
[  245.001528] SELinux: initialized (dev fuse, type fuse), uses genfs_contexts
[  359.933563] tun: Universal TUN/TAP device driver, 1.6
[  359.933567] tun: (C) 1999-2004 Max Krasnyansky <maxk@qualcomm.com>
[  359.965822] device vnet0 entered promiscuous mode
[  359.971302] virbr0: port 1(vnet0) entered listening state
[  359.971337] virbr0: port 1(vnet0) entered listening state
[  360.230767] virbr0: port 1(vnet0) entered disabled state
[  360.232445] device vnet0 left promiscuous mode
[  360.232456] virbr0: port 1(vnet0) entered disabled state
[  510.000221] SELinux: 2048 avtab hash slots, 96481 rules.
[  510.011750] SELinux: 2048 avtab hash slots, 96481 rules.
[  510.022827] SELinux:  8 users, 82 roles, 4601 types, 261 bools, 1 sens, 1024 cats
[  510.022831] SELinux:  83 classes, 96481 rules
[  510.149601] SELinux:  Context system_u:unconfined_r:sandbox_t:s0-s0:c0.c1023 became invalid (unmapped).
[  510.714994] SELinux:  Context unconfined_u:unconfined_r:sandbox_t:s0-s0:c0.c1023 became invalid (unmapped).
[  556.046099] device vnet0 entered promiscuous mode
[  556.046423] virbr0: port 1(vnet0) entered listening state
[  556.046430] virbr0: port 1(vnet0) entered listening state
[  558.048819] virbr0: port 1(vnet0) entered learning state
[  560.055049] virbr0: topology change detected, propagating
[  560.055093] virbr0: port 1(vnet0) entered forwarding state
[  560.055242] IPv6: ADDRCONF(NETDEV_CHANGE): virbr0: link becomes ready
[ 1024.280262] iwlwifi 0000:02:00.0: RF_KILL bit toggled to disable radio.
[ 1535.537085] virbr0: port 1(vnet0) entered disabled state
[ 1535.537559] device vnet0 left promiscuous mode
[ 1535.537573] virbr0: port 1(vnet0) entered disabled state
[ 1537.247895] device vnet0 entered promiscuous mode
[ 1537.252920] virbr0: port 1(vnet0) entered listening state
[ 1537.252929] virbr0: port 1(vnet0) entered listening state
[ 1539.255849] virbr0: port 1(vnet0) entered learning state
[ 1541.000102] virbr0: port 1(vnet0) entered disabled state
[ 1541.000652] device vnet0 left promiscuous mode
[ 1541.000670] virbr0: port 1(vnet0) entered disabled state
[ 1557.305906] device vnet0 entered promiscuous mode
[ 1557.312016] virbr0: port 1(vnet0) entered listening state
[ 1557.312036] virbr0: port 1(vnet0) entered listening state
[ 1559.317868] virbr0: port 1(vnet0) entered learning state
[ 1561.324078] virbr0: topology change detected, propagating
[ 1561.324092] virbr0: port 1(vnet0) entered forwarding state
[ 1653.422537] IPv6: ADDRCONF(NETDEV_UP): macvtap0: link is not ready
[ 1660.352263] device vnet1 entered promiscuous mode
[ 1660.358243] virbr0: port 2(vnet1) entered listening state
[ 1660.358252] virbr0: port 2(vnet1) entered listening state
[ 1662.367247] virbr0: port 2(vnet1) entered learning state
[ 1664.373464] virbr0: topology change detected, propagating
[ 1664.373503] virbr0: port 2(vnet1) entered forwarding state
[ 1909.657696] kvm: zapping shadow pages for mmio generation wraparound
[ 1919.536048] virbr0: port 1(vnet0) entered disabled state
[ 1919.537783] device vnet0 left promiscuous mode
[ 1919.537799] virbr0: port 1(vnet0) entered disabled state
[ 1919.554342] virbr0: port 2(vnet1) entered disabled state
[ 1919.554884] device vnet1 left promiscuous mode
[ 1919.554902] virbr0: port 2(vnet1) entered disabled state
[ 3488.404571] NBT module initializing
[ 3488.408076] DHT module initializing
[ 3488.408080] dht_print():
[ 3488.408083] KEY: 0000000524	TYPE: 99	KEY_DATA: cinco	DATA : teste	NEXT? null
[ 3488.408084] dht_print():
[ 3488.408086] KEY: 0000000294	TYPE: 54	KEY_DATA: abc	DATA : 123	NEXT? yes
[ 3488.408088] KEY: 0000000524	TYPE: 99	KEY_DATA: cinco	DATA : teste	NEXT? null
[ 3488.408089] dht_print():
[ 3488.408090] KEY: 0000000294	TYPE: 54	KEY_DATA: abc	DATA : 123	NEXT? yes
[ 3488.408092] KEY: 0000000524	TYPE: 99	KEY_DATA: cinco	DATA : teste	NEXT? yes
[ 3488.408094] KEY: 0000000640	TYPE: 13	KEY_DATA: gilles	DATA : silvano	NEXT? null
[ 3488.408095] dht_print():
[ 3488.408096] KEY: 0000000294	TYPE: 54	KEY_DATA: abc	DATA : 123	NEXT? yes
[ 3488.408098] KEY: 0000000640	TYPE: 13	KEY_DATA: gilles	DATA : silvano	NEXT? null
[ 3541.448281] DHT module exiting
[ 3541.450976] NBT module exiting
[ 3541.453680] NBT module initializing
[ 3541.456174] DHT module initializing
[ 3541.456177] dht_print():
[ 3541.456179] KEY: 0000000524	TYPE: 99	KEY_DATA: cinco	DATA : testet	NEXT? null
[ 3541.456180] dht_print():
[ 3541.456181] KEY: 0000000294	TYPE: 54	KEY_DATA: abc	DATA : 123\xffffffff\xffffffffabc	NEXT? yes
[ 3541.456182] KEY: 0000000524	TYPE: 99	KEY_DATA: cinco	DATA : testet	NEXT? null
[ 3541.456183] dht_print():
[ 3541.456184] KEY: 0000000294	TYPE: 54	KEY_DATA: abc	DATA : 123\xffffffff\xffffffffgilles	NEXT? yes
[ 3541.456185] KEY: 0000000524	TYPE: 99	KEY_DATA: cinco	DATA : testet	NEXT? yes
[ 3541.456187] KEY: 0000000640	TYPE: 13	KEY_DATA: gilles	DATA : silvano	NEXT? null
[ 3541.456188] dht_print():
[ 3541.456189] KEY: 0000000294	TYPE: 54	KEY_DATA: abc	DATA : 123\xffffffff\xffffffffgilles	NEXT? yes
[ 3541.456190] KEY: 0000000640	TYPE: 13	KEY_DATA: gilles	DATA : silvano	NEXT? null
[ 3569.772570] DHT module exiting
[ 3569.775427] NBT module exiting
[ 3569.778536] NBT module initializing
[ 3569.781352] DHT module initializing
[ 3569.781356] dht_print():
[ 3569.781359] KEY: 0000000524	TYPE: 99	KEY_DATA: cinco	DATA : testet	NEXT? null
[ 3569.781361] dht_print():
[ 3569.781363] KEY: 0000000294	TYPE: 54	KEY_DATA: abc	DATA : 123\xffffffff\xffffffff	NEXT? yes
[ 3569.781365] KEY: 0000000524	TYPE: 99	KEY_DATA: cinco	DATA : testet	NEXT? null
[ 3569.781366] dht_print():
[ 3569.781368] KEY: 0000000294	TYPE: 54	KEY_DATA: abc	DATA : 123\xffffffff\xffffffff	NEXT? yes
[ 3569.781370] KEY: 0000000524	TYPE: 99	KEY_DATA: cinco	DATA : testet	NEXT? yes
[ 3569.781372] KEY: 0000000640	TYPE: 13	KEY_DATA: gilles	DATA : silvano	NEXT? null
[ 3569.781373] dht_print():
[ 3569.781375] KEY: 0000000294	TYPE: 54	KEY_DATA: abc	DATA : 123\xffffffff\xffffffff	NEXT? yes
[ 3569.781377] KEY: 0000000640	TYPE: 13	KEY_DATA: gilles	DATA : silvano	NEXT? null
[ 3647.292914] DHT module exiting
[ 3647.295958] NBT module exiting
[ 3647.298786] NBT module initializing
[ 3647.301231] DHT module initializing
[ 3647.301235] dht_print():
[ 3647.301238] KEY: 0000000524	TYPE: 99	KEY_DATA: cinco	DATA : testet	NEXT? null
[ 3647.301239] dht_print():
[ 3647.301241] KEY: 0000000294	TYPE: 54	KEY_DATA: abc	DATA : 123	NEXT? yes
[ 3647.301243] KEY: 0000000524	TYPE: 99	KEY_DATA: cinco	DATA : testet	NEXT? null
[ 3647.301244] dht_print():
[ 3647.301246] KEY: 0000000294	TYPE: 54	KEY_DATA: abc	DATA : 123	NEXT? yes
[ 3647.301248] KEY: 0000000524	TYPE: 99	KEY_DATA: cinco	DATA : testet	NEXT? yes
[ 3647.301250] KEY: 0000000640	TYPE: 13	KEY_DATA: gilles	DATA : silvano	NEXT? null
[ 3647.301251] dht_print():
[ 3647.301252] KEY: 0000000294	TYPE: 54	KEY_DATA: abc	DATA : 123	NEXT? yes
[ 3647.301254] KEY: 0000000640	TYPE: 13	KEY_DATA: gilles	DATA : silvano	NEXT? null
[ 3809.441204] DHT module exiting
[ 3809.443587] NBT module exiting
[ 3809.446105] NBT module initializing
[ 3809.448358] DHT module initializing
[ 3809.448362] dht_print():
[ 3809.448363] KEY: 0000000524	TYPE: 99	KEY_DATA: cinco	DATA : teste	NEXT? null
[ 3809.448364] dht_print():
[ 3809.448366] KEY: 0000000294	TYPE: 54	KEY_DATA: abc	DATA : 123	NEXT? yes
[ 3809.448367] KEY: 0000000524	TYPE: 99	KEY_DATA: cinco	DATA : teste	NEXT? null
[ 3809.448368] dht_print():
[ 3809.448369] KEY: 0000000294	TYPE: 54	KEY_DATA: abc	DATA : 123	NEXT? yes
[ 3809.448370] KEY: 0000000524	TYPE: 99	KEY_DATA: cinco	DATA : teste	NEXT? yes
[ 3809.448371] KEY: 0000000640	TYPE: 13	KEY_DATA: gilles	DATA : silvano	NEXT? null
[ 3809.448372] dht_print():
[ 3809.448373] KEY: 0000000294	TYPE: 54	KEY_DATA: abc	DATA : 123	NEXT? yes
[ 3809.448374] KEY: 0000000640	TYPE: 13	KEY_DATA: gilles	DATA : silvano	NEXT? null
